.....................................................                    [100%]
53 passed in 269.98s (0:04:29)
